// Jest Snapshot v1, https://goo.gl/fbAQLP

exports[`Pruebas en Navbar.js Mostrase correctamente  1`] = `
<nav
  className="navbar"
>
  <a
    className="brand"
    onClick={[Function]}
  >
    Asociaciones
  </a>
  <div
    className="links"
  >
    <a
      aria-current={null}
      className="link"
      onClick={[Function]}
    >
      Marvel
    </a>
    <a
      aria-current={null}
      className="link"
      onClick={[Function]}
    >
      DC
    </a>
    <a
      aria-current={null}
      className="link"
      onClick={[Function]}
    >
      Search
    </a>
  </div>
  <div>
    <span>
      Samuel
    </span>
    <button
      onClick={[Function]}
    >
      Logout
    </button>
  </div>
</nav>
`;
